ARM Linker, 4.1 [Build 894] [Evaluation]

==============================================================================

Section Cross References

    main.o(FLASH) refers to main.o(SRAM) for ARRAY1
    startup_rvmdk.o(RESET) refers to startup_rvmdk.o(STACK) for StackMem
    startup_rvmdk.o(RESET) refers to main.o(FLASH) for __main


==============================================================================

Removing Unused input sections from the image.

    Removing startup_rvmdk.o(HEAP), (0 bytes).
    Removing startup_rvmdk.o(.text), (28 bytes).

2 unused section(s) (total 28 bytes) removed from the image.

==============================================================================

Image Symbol Table

    Local Symbols

    Symbol Name                              Value     Ov Type        Size  Object(Section)

    RESET                                    0x00000000   Section      648  startup_rvmdk.o(RESET)
    main.s                                   0x00000000   Number         0  main.o ABSOLUTE
    startup_rvmdk.S                          0x00000000   Number         0  startup_rvmdk.o ABSOLUTE
    NmiSR                                    0x00000281   Thumb Code     0  startup_rvmdk.o(RESET)
    FaultISR                                 0x00000283   Thumb Code     0  startup_rvmdk.o(RESET)
    IntDefaultHandler                        0x00000285   Thumb Code     0  startup_rvmdk.o(RESET)
    FLASH                                    0x00000288   Section      112  main.o(FLASH)
    LTABLE                                   0x00000288   Data           2  main.o(FLASH)
    SRAM                                     0x20000000   Section       32  main.o(SRAM)
    ARRAY1                                   0x20000000   Data          16  main.o(SRAM)
    ARRAY2                                   0x20000010   Data          16  main.o(SRAM)
    STACK                                    0x20000020   Section     1024  startup_rvmdk.o(STACK)
    StackMem                                 0x20000020   Data           0  startup_rvmdk.o(STACK)

    Global Symbols

    Symbol Name                              Value     Ov Type        Size  Object(Section)

    BuildAttributes$$THM_ISAv4$E$P$D$K$B$S$7EM$PE$A:L22UL41UL21$X:L11$S22US41US21$IEEE1$IW$USESV6$~STKCKD$USESV7$~SHL$OSPACE$EBA8$MICROLIB$PRES8$EABIv2 0x00000000   Number         0  anon$$obj.o ABSOLUTE
    __Vectors                                0x00000000   Data           0  startup_rvmdk.o(RESET)
    Reset_Handler                            0x0000026d   Thumb Code     0  startup_rvmdk.o(RESET)
    __main                                   0x00000299   Thumb Code     0  main.o(FLASH)
    __initial_sp                             0x20000420   Data           0  startup_rvmdk.o(STACK)



==============================================================================

Memory Map of the image

  Image Entry point : 0x0000026d

  Load Region LR_IROM (Base: 0x00000000, Size: 0x00000318, Max: 0x00040000, ABSOLUTE)

    Execution Region ER_IROM (Base: 0x00000000, Size: 0x000002f8, Max: 0x00040000, ABSOLUTE)

    Base Addr    Size         Type   Attr      Idx    E Section Name        Object

    0x00000000   0x00000288   Code   RO            9  * RESET               startup_rvmdk.o
    0x00000288   0x00000070   Code   RO            1    FLASH               main.o


    Execution Region RW_IRAM (Base: 0x20000000, Size: 0x00000420, Max: 0x00010000, ABSOLUTE)

    Base Addr    Size         Type   Attr      Idx    E Section Name        Object

    0x20000000   0x00000020   Data   RW            2    SRAM                main.o
    0x20000020   0x00000400   Zero   RW            7    STACK               startup_rvmdk.o


==============================================================================

Image component sizes


      Code (inc. data)   RO Data    RW Data    ZI Data      Debug   Object Name

       112         28          0         32          0        208   main.o
       648        622          0          0       1024        188   startup_rvmdk.o

    ----------------------------------------------------------------------
       760        650          0         32       1024        396   Object Totals
         0          0          0          0          0          0   (incl. Generated)
         0          0          0          0          0          0   (incl. Padding)

    ----------------------------------------------------------------------
         0          0          0          0          0          0   Library Totals
         0          0          0          0          0          0   (incl. Padding)

    ----------------------------------------------------------------------

==============================================================================


      Code (inc. data)   RO Data    RW Data    ZI Data      Debug   

       760        650          0         32       1024        396   Grand Totals
       760        650          0         32       1024        396   ELF Image Totals
       760        650          0         32          0          0   ROM Totals

==============================================================================

    Total RO  Size (Code + RO Data)                  760 (   0.74kB)
    Total RW  Size (RW Data + ZI Data)              1056 (   1.03kB)
    Total ROM Size (Code + RO Data + RW Data)        792 (   0.77kB)

==============================================================================

