<html>
<body>
<pre>
<h1>µVision Build Log</h1>
<h2>Project:</h2>
D:\Skydrive-Wisc\SkyDrive\ECE353\svn\trunk\inclass\2014-spring\Week08-ADC\src\ece353_base_project.uvproj
Project File Date:  03/12/2014

<h2>Output:</h2>
Build target 'base_project'
assembling Startup.s...
compiling main.c...
main.c(51): warning:  #177-D: variable "delay" was declared but never referenced
main.c(136): warning:  #177-D: variable "i" was declared but never referenced
linking...
Program Size: Code=3220 RO-data=32 RW-data=152 ZI-data=4136  
"ece353_base_project.axf" - 0 Error(s), 2 Warning(s).
Clean started: Project: 'ece353_base_project'
   deleting intermediate output files for target 'base_project'
